
> gsg-app@0.1.0 build
> next build --webpack

node.exe :  ÔÜá Warning: Next.js 
inferred your workspace root, but it 
may not be correct.
At line:1 char:1
+ & "C:\Program Files\nodejs/node.exe" 
"C:\Program Files\nodejs/node_mo ...
+ ~~~~~~~~~~~~~~~~~~~~~~~~~~~~~~~~~~~~~~
~~~~~~~~~~~~~~~~~~~~~~~~~~~~~~~
    + CategoryInfo          : NotSpecif 
   ied: ( ÔÜá Warning: N...not be corr  
  ect.:String) [], RemoteException
    + FullyQualifiedErrorId : NativeCom 
   mandError
 
 We detected multiple lockfiles and 
selected the directory of 
C:\Users\Lenovo\package-lock.json as 
the root directory.
 To silence this warning, set 
`outputFileTracingRoot` in your Next.js 
config, or consider removing one of the 
lockfiles if it's not needed.
   See https://nextjs.org/docs/app/api-r
eference/config/next-config-js/output#ca
veats for more information.
 Detected additional lockfiles: 
   * C:\Users\Lenovo\Documents\GSG-Websi
te\package-lock.json

   Ôû▓ Next.js 16.0.10 (webpack)

   Creating an optimized production build ...
Failed to compile.

./app/page.tsx
Error:   [31mx[0m `ssr: false` is not 
allowed with `next/dynamic` in Server 
Components. Please move it into a 
Client Component.
    ,-[[36;1;4mC:\Users\Lenovo\Document
s\GSG-Website\app\page.tsx[0m:6:1]
 [2m 3[0m |     import { ImpactStats 
} from "@/components/home/ImpactStats"
 [2m 4[0m |     import dynamic from 
"next/dynamic";
 [2m 5[0m |     
 [2m 6[0m | 
[35;1m,[0m[35;1m-[0m[35;1m>[0m 
const CatalogueViewer = dynamic(() => 
import("@/components/CatalogueViewer"), 
{
 [2m 7[0m | [35;1m|[0m     ssr: 
false,
 [2m 8[0m | [35;1m|[0m     loading: 
() => <div className="text-white 
text-center py-20">Loading 
Catalogue...</div>,
 [2m 9[0m | 
[35;1m`[0m[35;1m-[0m[35;1m>[0m });
 [2m10[0m |     
 [2m11[0m |     export default 
function Home() {
 [2m12[0m |       return (
    `----

Import trace for requested module:
./app/page.tsx


> Build failed because of webpack errors
